{
  "version": "1.5.0",
  "plugins_used": [
    {
      "name": "ArtifactoryDetector"
    },
    {
      "name": "AWSKeyDetector"
    },
    {
      "name": "AzureStorageKeyDetector"
    },
    {
      "name": "Base64HighEntropyString",
      "limit": 4.5
    },
    {
      "name": "BasicAuthDetector"
    },
    {
      "name": "CloudantDetector"
    },
    {
      "name": "DiscordBotTokenDetector"
    },
    {
      "name": "GitHubTokenDetector"
    },
    {
      "name": "GitLabTokenDetector"
    },
    {
      "name": "HexHighEntropyString",
      "limit": 3.0
    },
    {
      "name": "IbmCloudIamDetector"
    },
    {
      "name": "IbmCosHmacDetector"
    },
    {
      "name": "IPPublicDetector"
    },
    {
      "name": "JwtTokenDetector"
    },
    {
      "name": "KeywordDetector",
      "keyword_exclude": ""
    },
    {
      "name": "MailchimpDetector"
    },
    {
      "name": "NpmDetector"
    },
    {
      "name": "OpenAIDetector"
    },
    {
      "name": "PrivateKeyDetector"
    },
    {
      "name": "PypiTokenDetector"
    },
    {
      "name": "SendGridDetector"
    },
    {
      "name": "SlackDetector"
    },
    {
      "name": "SoftlayerDetector"
    },
    {
      "name": "SquareOAuthDetector"
    },
    {
      "name": "StripeDetector"
    },
    {
      "name": "TelegramBotTokenDetector"
    },
    {
      "name": "TwilioKeyDetector"
    }
  ],
  "filters_used": [
    {
      "path": "detect_secrets.filters.allowlist.is_line_allowlisted"
    },
    {
      "path": "detect_secrets.filters.common.is_ignored_due_to_verification_policies",
      "min_level": 2
    },
    {
      "path": "detect_secrets.filters.heuristic.is_indirect_reference"
    },
    {
      "path": "detect_secrets.filters.heuristic.is_likely_id_string"
    },
    {
      "path": "detect_secrets.filters.heuristic.is_lock_file"
    },
    {
      "path": "detect_secrets.filters.heuristic.is_not_alphanumeric_string"
    },
    {
      "path": "detect_secrets.filters.heuristic.is_potential_uuid"
    },
    {
      "path": "detect_secrets.filters.heuristic.is_prefixed_with_dollar_sign"
    },
    {
      "path": "detect_secrets.filters.heuristic.is_sequential_string"
    },
    {
      "path": "detect_secrets.filters.heuristic.is_swagger_file"
    },
    {
      "path": "detect_secrets.filters.heuristic.is_templated_secret"
    }
  ],
  "results": {
    ".env.supabase.1756418119": [
      {
        "type": "Hex High Entropy String",
        "filename": ".env.supabase.1756418119",
        "hashed_secret": "a7718a819b62fd4f20627ecc532a228f4a3060a4",
        "is_verified": false,
        "line_number": 2
      },
      {
        "type": "Secret Keyword",
        "filename": ".env.supabase.1756418119",
        "hashed_secret": "a7718a819b62fd4f20627ecc532a228f4a3060a4",
        "is_verified": false,
        "line_number": 2
      },
      {
        "type": "Hex High Entropy String",
        "filename": ".env.supabase.1756418119",
        "hashed_secret": "9a80e35b297af6d7b5bef649b8107ff087ee0e71",
        "is_verified": false,
        "line_number": 3
      },
      {
        "type": "Secret Keyword",
        "filename": ".env.supabase.1756418119",
        "hashed_secret": "9a80e35b297af6d7b5bef649b8107ff087ee0e71",
        "is_verified": false,
        "line_number": 3
      },
      {
        "type": "Hex High Entropy String",
        "filename": ".env.supabase.1756418119",
        "hashed_secret": "42febfbb1eae4a5b15a3ccdfcb7e4fea33feae4f",
        "is_verified": false,
        "line_number": 4
      },
      {
        "type": "Hex High Entropy String",
        "filename": ".env.supabase.1756418119",
        "hashed_secret": "e6da7630ab117be22a4ac752dbd1ec7d0c813c56",
        "is_verified": false,
        "line_number": 5
      }
    ],
    ".env.supabase.1756418725": [
      {
        "type": "Hex High Entropy String",
        "filename": ".env.supabase.1756418725",
        "hashed_secret": "ed58afcf9503acf24ac442fadf05c66d53df911e",
        "is_verified": false,
        "line_number": 2
      },
      {
        "type": "Secret Keyword",
        "filename": ".env.supabase.1756418725",
        "hashed_secret": "ed58afcf9503acf24ac442fadf05c66d53df911e",
        "is_verified": false,
        "line_number": 2
      },
      {
        "type": "Hex High Entropy String",
        "filename": ".env.supabase.1756418725",
        "hashed_secret": "8bbc71e63e96147b40556649506bde3253fdf156",
        "is_verified": false,
        "line_number": 3
      },
      {
        "type": "Secret Keyword",
        "filename": ".env.supabase.1756418725",
        "hashed_secret": "8bbc71e63e96147b40556649506bde3253fdf156",
        "is_verified": false,
        "line_number": 3
      },
      {
        "type": "Hex High Entropy String",
        "filename": ".env.supabase.1756418725",
        "hashed_secret": "2f3c8e695529ee14d99597d13cffe150d03355c0",
        "is_verified": false,
        "line_number": 4
      },
      {
        "type": "Hex High Entropy String",
        "filename": ".env.supabase.1756418725",
        "hashed_secret": "4431145b8756b745cd7fc8e4fea0e4af504fac9b",
        "is_verified": false,
        "line_number": 5
      }
    ],
    ".github/workflows/deploy-cloudflare.yml": [
      {
        "type": "Secret Keyword",
        "filename": ".github/workflows/deploy-cloudflare.yml",
        "hashed_secret": "22077de928c40abedfd84290128791b5a389bfe2",
        "is_verified": false,
        "line_number": 21
      }
    ],
    "deploy/compose/docker-compose-ingestor-server.yaml": [
      {
        "type": "Secret Keyword",
        "filename": "deploy/compose/docker-compose-ingestor-server.yaml",
        "hashed_secret": "bc565f6e909ec7d3c18e2ff5d9eeb2300ff20b7f",
        "is_verified": false,
        "line_number": 43
      }
    ],
    "deploy/compose/docker-compose-rag-server.yaml": [
      {
        "type": "Secret Keyword",
        "filename": "deploy/compose/docker-compose-rag-server.yaml",
        "hashed_secret": "bc565f6e909ec7d3c18e2ff5d9eeb2300ff20b7f",
        "is_verified": false,
        "line_number": 27
      }
    ],
    "deploy/compose/vectordb.yaml": [
      {
        "type": "Secret Keyword",
        "filename": "deploy/compose/vectordb.yaml",
        "hashed_secret": "bc565f6e909ec7d3c18e2ff5d9eeb2300ff20b7f",
        "is_verified": false,
        "line_number": 60
      }
    ],
    "deploy/helm/rag-server/charts/ingestor-server/values.yaml": [
      {
        "type": "Secret Keyword",
        "filename": "deploy/helm/rag-server/charts/ingestor-server/values.yaml",
        "hashed_secret": "bc565f6e909ec7d3c18e2ff5d9eeb2300ff20b7f",
        "is_verified": false,
        "line_number": 42
      }
    ],
    "deploy/helm/rag-server/values.yaml": [
      {
        "type": "Secret Keyword",
        "filename": "deploy/helm/rag-server/values.yaml",
        "hashed_secret": "bc565f6e909ec7d3c18e2ff5d9eeb2300ff20b7f",
        "is_verified": false,
        "line_number": 44
      },
      {
        "type": "Secret Keyword",
        "filename": "deploy/helm/rag-server/values.yaml",
        "hashed_secret": "d033e22ae348aeb5660fc2140aec35850c4da997",
        "is_verified": false,
        "line_number": 544
      }
    ],
    "deploy/workbench/compose.yaml": [
      {
        "type": "Secret Keyword",
        "filename": "deploy/workbench/compose.yaml",
        "hashed_secret": "bc565f6e909ec7d3c18e2ff5d9eeb2300ff20b7f",
        "is_verified": false,
        "line_number": 232
      }
    ],
    "docs/quickstart.md": [
      {
        "type": "Secret Keyword",
        "filename": "docs/quickstart.md",
        "hashed_secret": "2083c49ad8d63838a4d18f1de0c419f06eb464db",
        "is_verified": false,
        "line_number": 71
      },
      {
        "type": "Secret Keyword",
        "filename": "docs/quickstart.md",
        "hashed_secret": "adbc4b0204403199438a20a43e3f714abd361950",
        "is_verified": false,
        "line_number": 429
      }
    ],
    "docs/self-reflection.md": [
      {
        "type": "Secret Keyword",
        "filename": "docs/self-reflection.md",
        "hashed_secret": "2083c49ad8d63838a4d18f1de0c419f06eb464db",
        "is_verified": false,
        "line_number": 54
      }
    ],
    "get-docker.sh": [
      {
        "type": "Hex High Entropy String",
        "filename": "get-docker.sh",
        "hashed_secret": "c772f450391f09b186e7c66a0ce668812a85ec71",
        "is_verified": false,
        "line_number": 83
      }
    ],
    "notebooks/.env_library": [
      {
        "type": "Secret Keyword",
        "filename": "notebooks/.env_library",
        "hashed_secret": "bc565f6e909ec7d3c18e2ff5d9eeb2300ff20b7f",
        "is_verified": false,
        "line_number": 17
      }
    ],
    "scripts/cloudflare/README.md": [
      {
        "type": "Secret Keyword",
        "filename": "scripts/cloudflare/README.md",
        "hashed_secret": "f8f55f6cb683a7ed096c1e178573a2d6e420850f",
        "is_verified": false,
        "line_number": 32
      },
      {
        "type": "Secret Keyword",
        "filename": "scripts/cloudflare/README.md",
        "hashed_secret": "086bc7f10891769e201291cc0bb82c911708ffb5",
        "is_verified": false,
        "line_number": 35
      }
    ],
    "scripts/cloudflare/pages-site/DEPLOYMENT_GUIDE.md": [
      {
        "type": "Secret Keyword",
        "filename": "scripts/cloudflare/pages-site/DEPLOYMENT_GUIDE.md",
        "hashed_secret": "e47683c25b91d8a499f9faf85dd77ca81fc5eb86",
        "is_verified": false,
        "line_number": 34
      },
      {
        "type": "Secret Keyword",
        "filename": "scripts/cloudflare/pages-site/DEPLOYMENT_GUIDE.md",
        "hashed_secret": "d30be0df3e52080791049d4e62e6178bd6c9e2ec",
        "is_verified": false,
        "line_number": 35
      }
    ],
    "scripts/cloudflare/rag-api-wrangler.toml": [
      {
        "type": "Secret Keyword",
        "filename": "scripts/cloudflare/rag-api-wrangler.toml",
        "hashed_secret": "d30be0df3e52080791049d4e62e6178bd6c9e2ec",
        "is_verified": false,
        "line_number": 17
      },
      {
        "type": "Secret Keyword",
        "filename": "scripts/cloudflare/rag-api-wrangler.toml",
        "hashed_secret": "e47683c25b91d8a499f9faf85dd77ca81fc5eb86",
        "is_verified": false,
        "line_number": 18
      }
    ],
    "scripts/cloudflare/test_handle_supabase_store.mjs": [
      {
        "type": "Secret Keyword",
        "filename": "scripts/cloudflare/test_handle_supabase_store.mjs",
        "hashed_secret": "f2e7745f43b0ef0e2c2faf61d6c6a28be2965750",
        "is_verified": false,
        "line_number": 20
      }
    ],
    "src/nvidia_rag/utils/llm.py": [
      {
        "type": "Secret Keyword",
        "filename": "src/nvidia_rag/utils/llm.py",
        "hashed_secret": "148263caf9f01481542192dda254829e31e2ca6d",
        "is_verified": false,
        "line_number": 117
      }
    ]
  },
  "generated_at": "2025-09-06T22:40:08Z"
}
